Archive member included to satisfy reference by file (symbol)

/usr/lib/gcc/arm-none-eabi/12.2.1/../../../arm-none-eabi/lib/thumb/v7e-m+fp/hard/libc.a(lib_a-init.o)
                              build/./core/startup/startup_stm32g474retx.o (__libc_init_array)

Discarded input sections

 .text          0x0000000000000000       0x14 build/./core/startup/startup_stm32g474retx.o
 .data          0x0000000000000000        0x0 build/./core/startup/startup_stm32g474retx.o
 .bss           0x0000000000000000        0x0 build/./core/startup/startup_stm32g474retx.o
 .group         0x0000000000000000        0xc build/./core/src/main.o
 .text          0x0000000000000000        0x0 build/./core/src/main.o
 .data          0x0000000000000000        0x0 build/./core/src/main.o
 .bss           0x0000000000000000        0x0 build/./core/src/main.o
 .group         0x0000000000000000        0xc build/./core/src/gpio.o
 .group         0x0000000000000000        0xc build/./core/src/gpio.o
 .group         0x0000000000000000        0xc build/./core/src/gpio.o
 .group         0x0000000000000000        0xc build/./core/src/gpio.o
 .group         0x0000000000000000        0xc build/./core/src/gpio.o
 .group         0x0000000000000000        0xc build/./core/src/gpio.o
 .group         0x0000000000000000        0xc build/./core/src/gpio.o
 .group         0x0000000000000000        0xc build/./core/src/gpio.o
 .group         0x0000000000000000        0xc build/./core/src/gpio.o
 .group         0x0000000000000000        0xc build/./core/src/gpio.o
 .group         0x0000000000000000        0xc build/./core/src/gpio.o
 .text          0x0000000000000000        0x0 build/./core/src/gpio.o
 .data          0x0000000000000000        0x0 build/./core/src/gpio.o
 .bss           0x0000000000000000        0x0 build/./core/src/gpio.o
 .debug_macro   0x0000000000000000      0xb50 build/./core/src/gpio.o
 .data          0x0000000000000000        0x0 /usr/lib/gcc/arm-none-eabi/12.2.1/../../../arm-none-eabi/lib/thumb/v7e-m+fp/hard/libc.a(lib_a-init.o)
 .bss           0x0000000000000000        0x0 /usr/lib/gcc/arm-none-eabi/12.2.1/../../../arm-none-eabi/lib/thumb/v7e-m+fp/hard/libc.a(lib_a-init.o)

Memory Configuration

Name             Origin             Length             Attributes
FLASH            0x0000000008000000 0x0000000000080000 xr
RAM              0x0000000020000000 0x0000000000020000 xrw
*default*        0x0000000000000000 0xffffffffffffffff

Linker script and memory map

LOAD build/./core/startup/startup_stm32g474retx.o
LOAD build/./core/src/main.o
LOAD build/./core/src/gpio.o
LOAD /usr/lib/gcc/arm-none-eabi/12.2.1/thumb/v7e-m+fp/hard/libgcc.a
LOAD /usr/lib/gcc/arm-none-eabi/12.2.1/../../../arm-none-eabi/lib/thumb/v7e-m+fp/hard/libstdc++.a
LOAD /usr/lib/gcc/arm-none-eabi/12.2.1/../../../arm-none-eabi/lib/thumb/v7e-m+fp/hard/libm.a
LOAD /usr/lib/gcc/arm-none-eabi/12.2.1/../../../arm-none-eabi/lib/thumb/v7e-m+fp/hard/libc.a
START GROUP
LOAD /usr/lib/gcc/arm-none-eabi/12.2.1/thumb/v7e-m+fp/hard/libgcc.a
LOAD /usr/lib/gcc/arm-none-eabi/12.2.1/../../../arm-none-eabi/lib/thumb/v7e-m+fp/hard/libc.a
END GROUP
START GROUP
LOAD /usr/lib/gcc/arm-none-eabi/12.2.1/thumb/v7e-m+fp/hard/libgcc.a
LOAD /usr/lib/gcc/arm-none-eabi/12.2.1/../../../arm-none-eabi/lib/thumb/v7e-m+fp/hard/libc.a
LOAD /usr/lib/gcc/arm-none-eabi/12.2.1/../../../arm-none-eabi/lib/thumb/v7e-m+fp/hard/libnosys.a
END GROUP
                0x0000000020020000                _estack = (ORIGIN (RAM) + LENGTH (RAM))

.vector_table   0x0000000008000000      0x1d8
                0x0000000008000000                . = ALIGN (0x4)
 *(.isr_vector)
 .isr_vector    0x0000000008000000      0x1d8 build/./core/startup/startup_stm32g474retx.o
                0x0000000008000000                g_pfnVectors
                0x00000000080001d8                . = ALIGN (0x4)

.text           0x00000000080001d8      0x108
                0x00000000080001d8                . = ALIGN (0x4)
 *(.text)
 .text          0x00000000080001d8       0x48 /usr/lib/gcc/arm-none-eabi/12.2.1/../../../arm-none-eabi/lib/thumb/v7e-m+fp/hard/libc.a(lib_a-init.o)
                0x00000000080001d8                __libc_init_array
 *(.text*)
 .text.Reset_Handler
                0x0000000008000220       0x54 build/./core/startup/startup_stm32g474retx.o
                0x0000000008000220                Reset_Handler
                0x0000000008000258                _init
 .text.Default_Handler
                0x0000000008000274        0x2 build/./core/startup/startup_stm32g474retx.o
                0x0000000008000274                RTC_Alarm_IRQHandler
                0x0000000008000274                EXTI2_IRQHandler
                0x0000000008000274                TIM8_TRG_COM_IRQHandler
                0x0000000008000274                TIM8_CC_IRQHandler
                0x0000000008000274                HRTIM1_Master_IRQHandler
                0x0000000008000274                DebugMon_Handler
                0x0000000008000274                SPI4_IRQHandler
                0x0000000008000274                FDCAN3_IT0_IRQHandler
                0x0000000008000274                TIM1_CC_IRQHandler
                0x0000000008000274                HardFault_Handler
                0x0000000008000274                HRTIM1_FLT_IRQHandler
                0x0000000008000274                HRTIM1_TIMF_IRQHandler
                0x0000000008000274                USB_HP_IRQHandler
                0x0000000008000274                CORDIC_IRQHandler
                0x0000000008000274                SysTick_Handler
                0x0000000008000274                HRTIM1_TIMD_IRQHandler
                0x0000000008000274                PendSV_Handler
                0x0000000008000274                DMA2_Channel8_IRQHandler
                0x0000000008000274                NMI_Handler
                0x0000000008000274                EXTI3_IRQHandler
                0x0000000008000274                I2C3_ER_IRQHandler
                0x0000000008000274                EXTI0_IRQHandler
                0x0000000008000274                I2C2_EV_IRQHandler
                0x0000000008000274                FPU_IRQHandler
                0x0000000008000274                FDCAN1_IT1_IRQHandler
                0x0000000008000274                TIM1_UP_TIM16_IRQHandler
                0x0000000008000274                UsageFault_Handler
                0x0000000008000274                ADC1_2_IRQHandler
                0x0000000008000274                HRTIM1_TIME_IRQHandler
                0x0000000008000274                SPI1_IRQHandler
                0x0000000008000274                TIM6_DAC_IRQHandler
                0x0000000008000274                HRTIM1_TIMC_IRQHandler
                0x0000000008000274                TIM8_UP_IRQHandler
                0x0000000008000274                DMA2_Channel2_IRQHandler
                0x0000000008000274                DMA1_Channel4_IRQHandler
                0x0000000008000274                TIM20_TRG_COM_IRQHandler
                0x0000000008000274                USART3_IRQHandler
                0x0000000008000274                DMA1_Channel7_IRQHandler
                0x0000000008000274                UART5_IRQHandler
                0x0000000008000274                ADC3_IRQHandler
                0x0000000008000274                TIM4_IRQHandler
                0x0000000008000274                DMA2_Channel1_IRQHandler
                0x0000000008000274                QUADSPI_IRQHandler
                0x0000000008000274                I2C1_EV_IRQHandler
                0x0000000008000274                DMA1_Channel6_IRQHandler
                0x0000000008000274                UART4_IRQHandler
                0x0000000008000274                DMA2_Channel4_IRQHandler
                0x0000000008000274                TIM3_IRQHandler
                0x0000000008000274                RCC_IRQHandler
                0x0000000008000274                TIM20_UP_IRQHandler
                0x0000000008000274                DMA1_Channel1_IRQHandler
                0x0000000008000274                Default_Handler
                0x0000000008000274                DMA2_Channel7_IRQHandler
                0x0000000008000274                RTC_TAMP_LSECSS_IRQHandler
                0x0000000008000274                FMAC_IRQHandler
                0x0000000008000274                EXTI15_10_IRQHandler
                0x0000000008000274                DMA1_Channel8_IRQHandler
                0x0000000008000274                HRTIM1_TIMA_IRQHandler
                0x0000000008000274                TIM7_DAC_IRQHandler
                0x0000000008000274                FDCAN3_IT1_IRQHandler
                0x0000000008000274                TIM5_IRQHandler
                0x0000000008000274                UCPD1_IRQHandler
                0x0000000008000274                I2C3_EV_IRQHandler
                0x0000000008000274                EXTI9_5_IRQHandler
                0x0000000008000274                RTC_WKUP_IRQHandler
                0x0000000008000274                PVD_PVM_IRQHandler
                0x0000000008000274                SPI2_IRQHandler
                0x0000000008000274                MemManage_Handler
                0x0000000008000274                ADC5_IRQHandler
                0x0000000008000274                SVC_Handler
                0x0000000008000274                DMA2_Channel5_IRQHandler
                0x0000000008000274                CRS_IRQHandler
                0x0000000008000274                DMA1_Channel5_IRQHandler
                0x0000000008000274                USB_LP_IRQHandler
                0x0000000008000274                EXTI4_IRQHandler
                0x0000000008000274                RNG_IRQHandler
                0x0000000008000274                HRTIM1_TIMB_IRQHandler
                0x0000000008000274                TIM1_TRG_COM_TIM17_IRQHandler
                0x0000000008000274                FDCAN2_IT1_IRQHandler
                0x0000000008000274                DMA1_Channel3_IRQHandler
                0x0000000008000274                ADC4_IRQHandler
                0x0000000008000274                WWDG_IRQHandler
                0x0000000008000274                I2C4_EV_IRQHandler
                0x0000000008000274                FDCAN2_IT0_IRQHandler
                0x0000000008000274                LPUART1_IRQHandler
                0x0000000008000274                DMA2_Channel6_IRQHandler
                0x0000000008000274                FDCAN1_IT0_IRQHandler
                0x0000000008000274                TIM2_IRQHandler
                0x0000000008000274                COMP7_IRQHandler
                0x0000000008000274                COMP1_2_3_IRQHandler
                0x0000000008000274                EXTI1_IRQHandler
                0x0000000008000274                USART2_IRQHandler
                0x0000000008000274                COMP4_5_6_IRQHandler
                0x0000000008000274                TIM20_BRK_IRQHandler
                0x0000000008000274                I2C2_ER_IRQHandler
                0x0000000008000274                DMA1_Channel2_IRQHandler
                0x0000000008000274                TIM8_BRK_IRQHandler
                0x0000000008000274                FLASH_IRQHandler
                0x0000000008000274                TIM20_CC_IRQHandler
                0x0000000008000274                BusFault_Handler
                0x0000000008000274                USART1_IRQHandler
                0x0000000008000274                SPI3_IRQHandler
                0x0000000008000274                I2C1_ER_IRQHandler
                0x0000000008000274                FMC_IRQHandler
                0x0000000008000274                LPTIM1_IRQHandler
                0x0000000008000274                DMAMUX_OVR_IRQHandler
                0x0000000008000274                I2C4_ER_IRQHandler
                0x0000000008000274                USBWakeUp_IRQHandler
                0x0000000008000274                SAI1_IRQHandler
                0x0000000008000274                DMA2_Channel3_IRQHandler
                0x0000000008000274                TIM1_BRK_TIM15_IRQHandler
 .text.main     0x0000000008000276        0xa build/./core/src/main.o
                0x0000000008000276                main
 .text.SystemInit
                0x0000000008000280        0x2 build/./core/src/main.o
                0x0000000008000280                SystemInit
 *fill*         0x0000000008000282        0x2 
 .text._Z13gpioTogglePinv
                0x0000000008000284       0x5c build/./core/src/gpio.o
                0x0000000008000284                gpioTogglePin()
                0x00000000080002e0                . = ALIGN (0x4)

.glue_7         0x00000000080002e0        0x0
 .glue_7        0x00000000080002e0        0x0 linker stubs

.glue_7t        0x00000000080002e0        0x0
 .glue_7t       0x00000000080002e0        0x0 linker stubs

.vfp11_veneer   0x00000000080002e0        0x0
 .vfp11_veneer  0x00000000080002e0        0x0 linker stubs

.v4_bx          0x00000000080002e0        0x0
 .v4_bx         0x00000000080002e0        0x0 linker stubs

.iplt           0x00000000080002e0        0x0
 .iplt          0x00000000080002e0        0x0 build/./core/startup/startup_stm32g474retx.o

.rel.dyn        0x00000000080002e0        0x0
 .rel.iplt      0x00000000080002e0        0x0 build/./core/startup/startup_stm32g474retx.o

.rodata         0x00000000080002e0        0x0
                0x00000000080002e0                . = ALIGN (0x4)
 *(.rodata)
 *(.rodata*)
                0x00000000080002e0                . = ALIGN (0x4)
                0x00000000080002e0                _sidata = .

.data           0x0000000020000000        0x0 load address 0x00000000080002e0
                0x0000000020000000                . = ALIGN (0x4)
                0x0000000020000000                _sdata = .
 *(.data)
 *(.data*)
                0x0000000020000000                _edata = .
                0x0000000020000000                . = ALIGN (0x4)
                0x00000000080002e0                _data_addr = LOADADDR (.data)

.igot.plt       0x0000000020000000        0x0 load address 0x00000000080002e0
 .igot.plt      0x0000000020000000        0x0 build/./core/startup/startup_stm32g474retx.o

.preinit        0x00000000080002e0        0x0
                0x00000000080002e0                . = ALIGN (0x4)
                0x00000000080002e0                PROVIDE (__preinit_array_start = .)
 *(.preinit_array)
 *(.preinit_array*)
                0x00000000080002e0                PROVIDE (__preinit_array_end = .)
                0x00000000080002e0                . = ALIGN (0x4)

.init           0x00000000080002e0        0x0
                0x00000000080002e0                . = ALIGN (0x4)
                0x00000000080002e0                PROVIDE (__init_array_start = .)
 *(.init_array)
 *(.init_array*)
                0x00000000080002e0                PROVIDE (__init_array_end = .)
                0x00000000080002e0                . = ALIGN (0x4)

.fini           0x00000000080002e0        0x0
                0x00000000080002e0                . = ALIGN (0x4)
                [!provide]                        PROVIDE (__fini_array_start = .)
 *(.fini_array)
 *(.fini_array*)
                [!provide]                        PROVIDE (__fini_array_end = .)
                0x00000000080002e0                . = ALIGN (0x4)

.bss            0x0000000020000000        0x0
                0x0000000020000000                . = ALIGN (0x4)
                0x0000000020000000                _sbss = .
                0x0000000020000000                __bss_start__ = .
 *(.bss)
 *(.bss*)
 *(COMMON)
                0x0000000020000000                . = ALIGN (0x4)
                0x0000000020000000                _ebss = .
                0x0000000020000000                __bss_end__ = .
                0x0000000020000000                end = .
                0x0000000020000000                _end = end
                0x0000000020000000                __end = end

.dynamic_allocations
                0x0000000020000000        0x0
                0x0000000020000000                . = ALIGN (0x4)
                0x0000000020000000                _ssystem_ram = .
                0x0000000020000000                . = ALIGN (0x4)
                0x0000000020000000                _esystem_ram = .
OUTPUT(build/test.elf elf32-littlearm)
LOAD linker stubs

.ARM.attributes
                0x0000000000000000       0x35
 .ARM.attributes
                0x0000000000000000       0x21 build/./core/startup/startup_stm32g474retx.o
 .ARM.attributes
                0x0000000000000021       0x34 build/./core/src/main.o
 .ARM.attributes
                0x0000000000000055       0x34 build/./core/src/gpio.o
 .ARM.attributes
                0x0000000000000089       0x34 /usr/lib/gcc/arm-none-eabi/12.2.1/../../../arm-none-eabi/lib/thumb/v7e-m+fp/hard/libc.a(lib_a-init.o)

.comment        0x0000000000000000       0x59
 .comment       0x0000000000000000       0x26 build/./core/src/main.o
                                         0x27 (size before relaxing)
 .comment       0x0000000000000026       0x27 build/./core/src/gpio.o
 .comment       0x0000000000000026       0x33 /usr/lib/gcc/arm-none-eabi/12.2.1/../../../arm-none-eabi/lib/thumb/v7e-m+fp/hard/libc.a(lib_a-init.o)
                                         0x34 (size before relaxing)

.debug_info     0x0000000000000000      0x523
 .debug_info    0x0000000000000000       0x74 build/./core/src/main.o
 .debug_info    0x0000000000000074      0x395 build/./core/src/gpio.o
 .debug_info    0x0000000000000409      0x11a /usr/lib/gcc/arm-none-eabi/12.2.1/../../../arm-none-eabi/lib/thumb/v7e-m+fp/hard/libc.a(lib_a-init.o)

.debug_abbrev   0x0000000000000000      0x24a
 .debug_abbrev  0x0000000000000000       0x6f build/./core/src/main.o
 .debug_abbrev  0x000000000000006f      0x10f build/./core/src/gpio.o
 .debug_abbrev  0x000000000000017e       0xcc /usr/lib/gcc/arm-none-eabi/12.2.1/../../../arm-none-eabi/lib/thumb/v7e-m+fp/hard/libc.a(lib_a-init.o)

.debug_aranges  0x0000000000000000       0x68
 .debug_aranges
                0x0000000000000000       0x28 build/./core/src/main.o
 .debug_aranges
                0x0000000000000028       0x20 build/./core/src/gpio.o
 .debug_aranges
                0x0000000000000048       0x20 /usr/lib/gcc/arm-none-eabi/12.2.1/../../../arm-none-eabi/lib/thumb/v7e-m+fp/hard/libc.a(lib_a-init.o)

.debug_rnglists
                0x0000000000000000       0x38
 .debug_rnglists
                0x0000000000000000       0x19 build/./core/src/main.o
 .debug_rnglists
                0x0000000000000019       0x1f build/./core/src/gpio.o

.debug_macro    0x0000000000000000    0x1ae0a
 .debug_macro   0x0000000000000000       0x25 build/./core/src/main.o
 .debug_macro   0x0000000000000025      0xb50 build/./core/src/main.o
 .debug_macro   0x0000000000000b75       0x8e build/./core/src/gpio.o
 .debug_macro   0x0000000000000c03       0x2e build/./core/src/gpio.o
 .debug_macro   0x0000000000000c31       0x28 build/./core/src/gpio.o
 .debug_macro   0x0000000000000c59      0x34e build/./core/src/gpio.o
 .debug_macro   0x0000000000000fa7       0x1c build/./core/src/gpio.o
 .debug_macro   0x0000000000000fc3       0x22 build/./core/src/gpio.o
 .debug_macro   0x0000000000000fe5       0xd9 build/./core/src/gpio.o
 .debug_macro   0x00000000000010be     0x102d build/./core/src/gpio.o
 .debug_macro   0x00000000000020eb      0x11f build/./core/src/gpio.o
 .debug_macro   0x000000000000220a    0x18b93 build/./core/src/gpio.o
 .debug_macro   0x000000000001ad9d       0x6d build/./core/src/gpio.o

.debug_line     0x0000000000000000      0x373
 .debug_line    0x0000000000000000       0x80 build/./core/src/main.o
 .debug_line    0x0000000000000080      0x1bb build/./core/src/gpio.o
 .debug_line    0x000000000000023b      0x138 /usr/lib/gcc/arm-none-eabi/12.2.1/../../../arm-none-eabi/lib/thumb/v7e-m+fp/hard/libc.a(lib_a-init.o)

.debug_str      0x0000000000000000    0x9df99
 .debug_str     0x0000000000000000     0x3139 build/./core/src/main.o
 .debug_str     0x0000000000003139    0x9ace9 build/./core/src/gpio.o
                                      0x9dfa1 (size before relaxing)
 .debug_str     0x000000000009de22      0x177 /usr/lib/gcc/arm-none-eabi/12.2.1/../../../arm-none-eabi/lib/thumb/v7e-m+fp/hard/libc.a(lib_a-init.o)
                                        0x206 (size before relaxing)

.debug_frame    0x0000000000000000       0x84
 .debug_frame   0x0000000000000000       0x38 build/./core/src/main.o
 .debug_frame   0x0000000000000038       0x20 build/./core/src/gpio.o
 .debug_frame   0x0000000000000058       0x2c /usr/lib/gcc/arm-none-eabi/12.2.1/../../../arm-none-eabi/lib/thumb/v7e-m+fp/hard/libc.a(lib_a-init.o)

.debug_loclists
                0x0000000000000000       0x3a
 .debug_loclists
                0x0000000000000000       0x3a build/./core/src/gpio.o

.debug_loc      0x0000000000000000       0xba
 .debug_loc     0x0000000000000000       0xba /usr/lib/gcc/arm-none-eabi/12.2.1/../../../arm-none-eabi/lib/thumb/v7e-m+fp/hard/libc.a(lib_a-init.o)
